[
  {
    "id": 1,
    "name": "new test"
  },
  {
    "id": 2,
    "name": "new test 2"
  }
]
