[
  {
    "id": 2,
    "name": "new test 2"
  }
]
